jungbin-MacBookPro% orb -m agent-lab
jeongbin@agent-lab:/Users/jeongbin/Desktop/b4-1$ # 1. 앱 파일 배치
jeongbin@agent-lab:/Users/jeongbin/Desktop/b4-1$ sudo apt-get install -y unzip
Reading package lists... Done
Building dependency tree... Done
Reading state information... Done
Suggested packages:
  zip
The following NEW packages will be installed:
  unzip
0 upgraded, 1 newly installed, 0 to remove and 0 not upgraded.
Need to get 0 B/171 kB of archives.
After this operation, 361 kB of additional disk space will be used.
Selecting previously unselected package unzip.
(Reading database ... 19747 files and directories currently installed.)
Preparing to unpack .../unzip_6.0-26ubuntu3.2_arm64.deb ...
Unpacking unzip (6.0-26ubuntu3.2) ...
Setting up unzip (6.0-26ubuntu3.2) ...
jeongbin@agent-lab:/Users/jeongbin/Desktop/b4-1$ unzip -o /Users/jeongbin/Downloads/agent-app.zip agent-app-linux-arm64 -d /tmp
Archive:  /Users/jeongbin/Downloads/agent-app.zip
  inflating: /tmp/agent-app-linux-arm64
jeongbin@agent-lab:/Users/jeongbin/Desktop/b4-1$ ls -l /tmp/agent-app-linux-arm64
-rw-r--r-- 1 jeongbin jeongbin 7537848 May 18 17:06 /tmp/agent-app-linux-arm64
jeongbin@agent-lab:/Users/jeongbin/Desktop/b4-1$ sudo cp /tmp/agent-app-linux-arm64 /home/agent-admin/agent-app/
jeongbin@agent-lab:/Users/jeongbin/Desktop/b4-1$ sudo chown agent-admin:agent-core /home/agent-admin/agent-app/agent-app-linux-arm64
jeongbin@agent-lab:/Users/jeongbin/Desktop/b4-1$ sudo chmod 750 /home/agent-admin/agent-app/agent-app-linux-arm64
jeongbin@agent-lab:/Users/jeongbin/Desktop/b4-1$ sudo ls -l /home/agent-admin/agent-app
total 7364
-rwxr-x---  1 agent-admin agent-core   7537848 Sep 28 07:16 agent-app-linux-arm64
drwxrws---+ 1 agent-admin agent-core         0 Sep 28 07:16 api_keys
drwxrws---+ 1 agent-admin agent-common       0 Sep 28 07:09 upload_files
jeongbin@agent-lab:/Users/jeongbin/Desktop/b4-1$ # 2. 키 파일 (명세 t_secret.key, 앱이 읽는 secret.key는 링크)
jeongbin@agent-lab:/Users/jeongbin/Desktop/b4-1$ echo 'agent_api_key_test' | sudo tee /home/agent-admin/agent-app/api_keys/t_secret.key
agent_api_key_test
jeongbin@agent-lab:/Users/jeongbin/Desktop/b4-1$ sudo chown agent-admin:agent-core /home/agent-admin/agent-app/api_keys/t_secret.key
jeongbin@agent-lab:/Users/jeongbin/Desktop/b4-1$ sudo ln -s t_secret.key /home/agent-admin/agent-app/api_keys/secret.key
jeongbin@agent-lab:/Users/jeongbin/Desktop/b4-1$ sudo chown -h agent-admin:agent-core /home/agent-admin/agent-app/api_keys/secret.key
jeongbin@agent-lab:/Users/jeongbin/Desktop/b4-1$ sudo ls -l /home/agent-admin/agent-app/api_keys
total 8
lrwxrwxrwx  1 agent-admin agent-core 12 Sep 28 07:16 secret.key -> t_secret.key
-rw-rw----+ 1 agent-admin agent-core 19 Sep 28 07:16 t_secret.key
jeongbin@agent-lab:/Users/jeongbin/Desktop/b4-1$ sudo cat /home/agent-admin/agent-app/api_keys/secret.key
agent_api_key_test
jeongbin@agent-lab:/Users/jeongbin/Desktop/b4-1$ # 3. 환경 변수 (AGENT_KEY_PATH는 앱 요구대로 폴더 경로)
jeongbin@agent-lab:/Users/jeongbin/Desktop/b4-1$ sudo tee /etc/profile.d/agent-app.sh <<'EOF'
> export AGENT_HOME=/home/agent-admin/agent-app
> export AGENT_PORT=15034
> export AGENT_UPLOAD_DIR=$AGENT_HOME/upload_files
> export AGENT_KEY_PATH=$AGENT_HOME/api_keys
> export AGENT_LOG_DIR=/var/log/agent-app
> EOF
export AGENT_HOME=/home/agent-admin/agent-app
export AGENT_PORT=15034
export AGENT_UPLOAD_DIR=$AGENT_HOME/upload_files
export AGENT_KEY_PATH=$AGENT_HOME/api_keys
export AGENT_LOG_DIR=/var/log/agent-app
jeongbin@agent-lab:/Users/jeongbin/Desktop/b4-1$ # 4. 앱 실행 (agent-admin)
jeongbin@agent-lab:/Users/jeongbin/Desktop/b4-1$ sudo -iu agent-admin
agent-admin@agent-lab:~$ whoami
agent-admin
agent-admin@agent-lab:~$ env | grep ^AGENT_ | sort
AGENT_HOME=/home/agent-admin/agent-app
AGENT_KEY_PATH=/home/agent-admin/agent-app/api_keys
AGENT_LOG_DIR=/var/log/agent-app
AGENT_PORT=15034
AGENT_UPLOAD_DIR=/home/agent-admin/agent-app/upload_files
agent-admin@agent-lab:~$ $AGENT_HOME/agent-app-linux-arm64
>>> Starting Agent Boot Sequence...
[1/5] Checking User Account               [OK]
   ... Running as service user 'agent-admin' (uid=1000)
[2/5] Verifying Environment Variables     [OK]
   ... All required Envs correct
[3/5] Checking Required Files             [OK]
   ... Verified 'secret.key' with correct key string.
[4/5] Checking Port Availability          [OK]
   ... Port 15034 is available.
[5/5] Verifying Log Permission            [OK]
   ... Log directory is writable: /var/log/agent-app
------------------------------------------------------------
All Boot Checks Passed!
Agent READY
2026-09-28 07:17:02,158 [INFO] [SafetyGuard] Process priority lowered (nice=10).
2026-09-28 07:17:02,159 [INFO] Agent listening at port 15034
2026-09-28 07:17:02,159 [INFO] === Agent Worker Started ===
2026-09-28 07:17:02,159 [INFO]    > Cycle: 0 -> 256MB/Lv10 -> 0
2026-09-28 07:17:02,159 [INFO] --- Step Info: Mode=UP, CPU Lv=1, Mem=0MB ---
2026-09-28 07:17:02,166 [INFO] [Memory] Increasing... (+25 MB) Total: 25 MB
2026-09-28 07:17:02,167 [INFO] [CPU] Occupy core for 1s (Level 1)
2026-09-28 07:17:04,178 [INFO] --- Step Info: Mode=UP, CPU Lv=2, Mem=25MB ---
2026-09-28 07:17:04,200 [INFO] [Memory] Increasing... (+25 MB) Total: 50 MB
2026-09-28 07:17:04,201 [INFO] [CPU] Occupy core for 2s (Level 2)
^C2026-09-28 07:17:05,167 [INFO] === Agent Shutdown. Releasing resources. ===
2026-09-28 07:17:05,171 [INFO] User interrupted process. Shutting down gracefully...
agent-admin@agent-lab:~$ # 5. 백그라운드 실행 (계속 켜둠)
agent-admin@agent-lab:~$ nohup $AGENT_HOME/agent-app-linux-arm64 > /dev/null 2>&1 &
[1] 4271
agent-admin@agent-lab:~$ sleep 3
agent-admin@agent-lab:~$ ss -tlnp | grep 15034
LISTEN 0      1            0.0.0.0:15034      0.0.0.0:*    users:(("agent-app-linux",pid=4272,fd=4))
agent-admin@agent-lab:~$ exit
logout
jeongbin@agent-lab:/Users/jeongbin/Desktop/b4-1$ # 6. 확인
jeongbin@agent-lab:/Users/jeongbin/Desktop/b4-1$ ps -o user,pid,ppid,etime,cmd -u agent-admin
USER         PID    PPID     ELAPSED CMD
agent-a+    4247       1       00:10 /lib/systemd/systemd --user
agent-a+    4248    4247       00:10 (sd-pam)
agent-a+    4271       1       00:05 /home/agent-admin/agent-app/agent-app-linux-arm64
agent-a+    4272    4271       00:04 /home/agent-admin/agent-app/agent-app-linux-arm64
jeongbin@agent-lab:/Users/jeongbin/Desktop/b4-1$ sudo ss -tlnp | grep 15034
LISTEN 0      1            0.0.0.0:15034      0.0.0.0:*    users:(("agent-app-linux",pid=4272,fd=4))
jeongbin@agent-lab:/Users/jeongbin/Desktop/b4-1$ sudo ls -l /var/log/agent-app
total 4
-rw-rw----+ 1 agent-admin agent-core 1791 Sep 28 07:17 agent_app.log
jeongbin@agent-lab:/Users/jeongbin/Desktop/b4-1$ sudo tail -3 /var/log/agent-app/agent_app.log
2026-09-28 07:17:11,246 [INFO] --- Step Info: Mode=UP, CPU Lv=3, Mem=50MB ---
2026-09-28 07:17:11,273 [INFO] [Memory] Increasing... (+25 MB) Total: 75 MB
2026-09-28 07:17:11,273 [INFO] [CPU] Occupy core for 3s (Level 3)
jeongbin@agent-lab:/Users/jeongbin/Desktop/b4-1$ exit
logout
jungbin-MacBookPro% exit
