jungbin-MacBookPro% orb -m leak-lab
jeongbin@leak-lab:/Users/jeongbin/Desktop/b4-2$ sudo -iu agent-admin
agent-admin@leak-lab:~$ sed -i 's/^export CPU_MAX_OCCUPY=.*/export CPU_MAX_OCCUPY=80/' ~/.bash_profile
agent-admin@leak-lab:~$ source ~/.bash_profile
agent-admin@leak-lab:~$ echo "MEMORY_LIMIT=$MEMORY_LIMIT CPU_MAX_OCCUPY=$CPU_MAX_OCCUPY MULTI_THREAD_ENABLE=$MULTI_THREAD_ENABLE"
MEMORY_LIMIT=512 CPU_MAX_OCCUPY=80 MULTI_THREAD_ENABLE=false
agent-admin@leak-lab:~$ (sleep 2; while ~/agent-app/bin/monitor.sh > /dev/null; do :; done) &
[1] 3914
agent-admin@leak-lab:~$ (sleep 2; top -b -d 3 -n 15 -p $(pgrep -n -x agent-leak-app-) > $AGENT_LOG_DIR/top-80.log) &
[2] 3916
agent-admin@leak-lab:~$ date +%T; $AGENT_HOME/agent-leak-app-arm64; echo "exit=$?"; date +%T
01:33:29
>>> Starting Agent Boot Sequence...
[1/6] Checking User Account               [OK]
   ... Running as service user 'agent-admin' (uid=1000)
[2/6] Verifying Environment Variables     [OK]
   ... All required Envs correct
[3/6] Checking Required Files             [OK]
   ... Verified 'secret.key' with correct key string.
[4/6] Checking Port Availability          [OK]
   ... Port 15034 is available.
[5/6] Verifying Log Permission            [OK]
   ... Log directory is writable: /var/log/agent-app
[6/6] Verifying Mission Environment       [OK]
   ... MEMORY_LIMIT=512MB, CPU_MAX_OCCUPY=80%, MULTI_THREAD_ENABLE=False
------------------------------------------------------------
All Boot Checks Passed!
Agent READY
2026-10-01 01:33:29,534 [INFO] [SafetyGuard] Process priority lowered (nice=10).
2026-10-01 01:33:29,535 [INFO] Agent listening at port 15034

==================================================
 [ Agent Initiate ] Resource Check
==================================================
 [ MEMORY ] Limit: 512MB                [ OK ]
 [ CPU    ] Limit: 80%                  [ WARNING: Recommend Under 50% ]
 [ THREAD ] Concurrency: False          [ OK ]
--------------------------------------------------
 >>> SYSTEM STATUS: STABLE. STARTING WORKLOAD MONITORING...
==================================================

2026-10-01 01:33:31,548 [INFO] [CpuWorker] Started. Maximum CPU Limit: 80%
2026-10-01 01:33:31,549 [INFO] [CpuWorker] Current Load: 5.00%
2026-10-01 01:33:34,680 [INFO] [CpuWorker] Current Load: 12.85%
2026-10-01 01:33:37,801 [INFO] [CpuWorker] Current Load: 17.39%
2026-10-01 01:33:40,926 [INFO] [CpuWorker] Current Load: 17.67%
2026-10-01 01:33:44,057 [INFO] [CpuWorker] Current Load: 20.73%
2026-10-01 01:33:47,185 [INFO] [CpuWorker] Current Load: 22.29%
2026-10-01 01:33:50,312 [INFO] [CpuWorker] Current Load: 27.56%
2026-10-01 01:33:53,439 [INFO] [CpuWorker] Current Load: 37.08%
2026-10-01 01:33:56,570 [INFO] [CpuWorker] Current Load: 46.62%
2026-10-01 01:33:59,700 [INFO] [CpuWorker] Current Load: 54.14%
2026-10-01 01:33:59,805 [CRITICAL] [CpuWorker] CPU Threshold Violated! (54.14%).

>>> [SYSTEM] WATCHDOG: INITIATING EMERGENCY ABORT (SIGTERM) <<<

Terminated
exit=143
01:33:59
agent-admin@leak-lab:~$ sleep 4
[1]-  Done                    ( sleep 2; while ~/agent-app/bin/monitor.sh > /dev/null; do
    :;
done )
agent-admin@leak-lab:~$ cat $AGENT_LOG_DIR/monitor.log
[2026-10-01 01:33:33] PID:3920 STAT:S THREADS:1 CPU:0.3% RSS:16MB MEM:0.4% SYS_CPU:0.1% SYS_MEM:11.0% LOG_IDLE:2s
[2026-10-01 01:33:36] PID:3920 STAT:S THREADS:1 CPU:0.3% RSS:16MB MEM:0.4% SYS_CPU:0.2% SYS_MEM:11.0% LOG_IDLE:2s
[2026-10-01 01:33:39] PID:3920 STAT:S THREADS:1 CPU:0.7% RSS:16MB MEM:0.4% SYS_CPU:0.1% SYS_MEM:11.0% LOG_IDLE:2s
[2026-10-01 01:33:42] PID:3920 STAT:S THREADS:1 CPU:0.7% RSS:16MB MEM:0.4% SYS_CPU:0.2% SYS_MEM:10.3% LOG_IDLE:2s
[2026-10-01 01:33:45] PID:3920 STAT:S THREADS:1 CPU:0.7% RSS:16MB MEM:0.4% SYS_CPU:0.2% SYS_MEM:10.4% LOG_IDLE:1s
[2026-10-01 01:33:48] PID:3920 STAT:S THREADS:1 CPU:1.0% RSS:16MB MEM:0.4% SYS_CPU:0.1% SYS_MEM:10.3% LOG_IDLE:1s
[2026-10-01 01:33:51] PID:3920 STAT:S THREADS:1 CPU:0.7% RSS:16MB MEM:0.4% SYS_CPU:0.2% SYS_MEM:10.4% LOG_IDLE:1s
[2026-10-01 01:33:54] PID:3920 STAT:S THREADS:1 CPU:1.3% RSS:16MB MEM:0.4% SYS_CPU:0.2% SYS_MEM:10.4% LOG_IDLE:1s
[2026-10-01 01:33:57] PID:3920 STAT:S THREADS:1 CPU:1.7% RSS:16MB MEM:0.4% SYS_CPU:0.2% SYS_MEM:10.4% LOG_IDLE:1s
[2026-10-01 01:34:00] PROCESS:down
agent-admin@leak-lab:~$ grep -E '^%Cpu|agent-leak' $AGENT_LOG_DIR/top-80.log
%Cpu(s):  0.0 us,  0.0 sy,  0.0 ni,100.0 id,  0.0 wa,  0.0 hi,  0.0 si,  0.0 st
   3920 agent-a+  30  10   28112  17180   8792 S   0.0   0.4   0:00.02 agent-leak-app-
%Cpu(s):  0.0 us,  0.2 sy,  0.0 ni, 99.7 id,  0.0 wa,  0.0 hi,  0.0 si,  0.0 st
   3920 agent-a+  30  10   28112  17244   8792 S   0.3   0.4   0:00.03 agent-leak-app-
%Cpu(s):  0.1 us,  0.2 sy,  0.1 ni, 99.6 id,  0.1 wa,  0.0 hi,  0.0 si,  0.0 st
   3920 agent-a+  30  10   28112  17244   8792 S   0.3   0.4   0:00.04 agent-leak-app-
%Cpu(s):  0.0 us,  0.1 sy,  0.1 ni, 99.8 id,  0.0 wa,  0.0 hi,  0.0 si,  0.0 st
   3920 agent-a+  30  10   28112  17244   8792 S   0.7   0.4   0:00.06 agent-leak-app-
%Cpu(s):  0.0 us,  0.3 sy,  0.1 ni, 99.6 id,  0.0 wa,  0.0 hi,  0.0 si,  0.0 st
   3920 agent-a+  30  10   28112  17052   8600 S   0.7   0.4   0:00.08 agent-leak-app-
%Cpu(s):  0.0 us,  0.2 sy,  0.1 ni, 99.6 id,  0.0 wa,  0.0 hi,  0.0 si,  0.0 st
   3920 agent-a+  30  10   28112  17052   8600 S   0.7   0.4   0:00.10 agent-leak-app-
%Cpu(s):  0.1 us,  0.2 sy,  0.1 ni, 99.6 id,  0.0 wa,  0.0 hi,  0.0 si,  0.0 st
   3920 agent-a+  30  10   28112  17052   8600 S   1.0   0.4   0:00.13 agent-leak-app-
%Cpu(s):  0.0 us,  0.2 sy,  0.1 ni, 99.7 id,  0.0 wa,  0.0 hi,  0.0 si,  0.0 st
   3920 agent-a+  30  10   28112  17052   8600 S   0.7   0.4   0:00.15 agent-leak-app-
%Cpu(s):  0.0 us,  0.1 sy,  0.2 ni, 99.7 id,  0.0 wa,  0.0 hi,  0.0 si,  0.0 st
   3920 agent-a+  30  10   28112  17052   8600 S   1.3   0.4   0:00.19 agent-leak-app-
%Cpu(s):  0.0 us,  0.1 sy,  0.2 ni, 99.7 id,  0.0 wa,  0.0 hi,  0.0 si,  0.0 st
   3920 agent-a+  30  10   28112  17052   8600 S   1.7   0.4   0:00.24 agent-leak-app-
%Cpu(s):  0.1 us,  0.2 sy,  0.2 ni, 99.4 id,  0.0 wa,  0.0 hi,  0.0 si,  0.0 st
%Cpu(s):  0.0 us,  0.0 sy,  0.0 ni,100.0 id,  0.0 wa,  0.0 hi,  0.0 si,  0.0 st
agent-admin@leak-lab:~$ grep -E 'Started|Threshold' $AGENT_LOG_DIR/agent_app.log | tail -2
2026-10-01 01:33:31,548 [INFO] [CpuWorker] Started. Maximum CPU Limit: 80%
2026-10-01 01:33:59,805 [CRITICAL] [CpuWorker] CPU Threshold Violated! (54.14%).
agent-admin@leak-lab:~$ mv $AGENT_LOG_DIR/monitor.log $AGENT_LOG_DIR/monitor-cpu80.log
agent-admin@leak-lab:~$ (sleep 2; while ~/agent-app/bin/monitor.sh > /dev/null; do :; done) &
[3] 4147
agent-admin@leak-lab:~$ (sleep 2; top -b -d 3 -n 15 -p $(pgrep -n -x agent-leak-app-) > $AGENT_LOG_DIR/top-100.log) &
[4] 4149
agent-admin@leak-lab:~$ date +%T; CPU_MAX_OCCUPY=100 $AGENT_HOME/agent-leak-app-arm64; echo "exit=$?"; date +%T
01:34:07
>>> Starting Agent Boot Sequence...
[1/6] Checking User Account               [OK]
   ... Running as service user 'agent-admin' (uid=1000)
[2/6] Verifying Environment Variables     [OK]
   ... All required Envs correct
[3/6] Checking Required Files             [OK]
   ... Verified 'secret.key' with correct key string.
[4/6] Checking Port Availability          [OK]
   ... Port 15034 is available.
[5/6] Verifying Log Permission            [OK]
   ... Log directory is writable: /var/log/agent-app
[6/6] Verifying Mission Environment       [OK]
   ... MEMORY_LIMIT=512MB, CPU_MAX_OCCUPY=100%, MULTI_THREAD_ENABLE=False
------------------------------------------------------------
All Boot Checks Passed!
Agent READY
2026-10-01 01:34:08,016 [INFO] [SafetyGuard] Process priority lowered (nice=10).
2026-10-01 01:34:08,016 [INFO] Agent listening at port 15034

==================================================
 [ Agent Initiate ] Resource Check
==================================================
 [ MEMORY ] Limit: 512MB                [ OK ]
 [ CPU    ] Limit: 100%                 [ WARNING: Recommend Under 50% ]
 [ THREAD ] Concurrency: False          [ OK ]
--------------------------------------------------
 >>> SYSTEM STATUS: STABLE. STARTING WORKLOAD MONITORING...
==================================================

2026-10-01 01:34:10,028 [INFO] [CpuWorker] Started. Maximum CPU Limit: 100%
2026-10-01 01:34:10,030 [INFO] [CpuWorker] Current Load: 5.00%
2026-10-01 01:34:13,161 [INFO] [CpuWorker] Current Load: 11.22%
2026-10-01 01:34:16,288 [INFO] [CpuWorker] Current Load: 20.76%
2026-10-01 01:34:19,419 [INFO] [CpuWorker] Current Load: 23.47%
2026-10-01 01:34:22,548 [INFO] [CpuWorker] Current Load: 27.15%
2026-10-01 01:34:25,678 [INFO] [CpuWorker] Current Load: 33.17%
2026-10-01 01:34:28,807 [INFO] [CpuWorker] Current Load: 42.95%
2026-10-01 01:34:31,932 [INFO] [CpuWorker] Current Load: 43.53%
2026-10-01 01:34:35,063 [INFO] [CpuWorker] Current Load: 51.63%
2026-10-01 01:34:35,169 [CRITICAL] [CpuWorker] CPU Threshold Violated! (51.63%).

>>> [SYSTEM] WATCHDOG: INITIATING EMERGENCY ABORT (SIGTERM) <<<

[2]   Done                    ( sleep 2; top -b -d 3 -n 15 -p $(pgrep -n -x agent-leak-app-) > $AGENT_LOG_DIR/top-80.log )
Terminated
exit=143
01:34:35
agent-admin@leak-lab:~$ sleep 4
[3]-  Done                    ( sleep 2; while ~/agent-app/bin/monitor.sh > /dev/null; do
    :;
done )
agent-admin@leak-lab:~$ cat $AGENT_LOG_DIR/monitor.log
[2026-10-01 01:34:11] PID:4153 STAT:S THREADS:1 CPU:0.3% RSS:16MB MEM:0.4% SYS_CPU:0.1% SYS_MEM:10.6% LOG_IDLE:1s
[2026-10-01 01:34:14] PID:4153 STAT:S THREADS:1 CPU:0.3% RSS:16MB MEM:0.4% SYS_CPU:0.1% SYS_MEM:10.6% LOG_IDLE:1s
[2026-10-01 01:34:17] PID:4153 STAT:S THREADS:1 CPU:0.7% RSS:16MB MEM:0.4% SYS_CPU:0.1% SYS_MEM:10.6% LOG_IDLE:1s
[2026-10-01 01:34:21] PID:4153 STAT:S THREADS:1 CPU:1.0% RSS:16MB MEM:0.4% SYS_CPU:0.2% SYS_MEM:10.7% LOG_IDLE:2s
[2026-10-01 01:34:24] PID:4153 STAT:S THREADS:1 CPU:1.0% RSS:16MB MEM:0.4% SYS_CPU:0.1% SYS_MEM:10.7% LOG_IDLE:2s
[2026-10-01 01:34:27] PID:4153 STAT:S THREADS:1 CPU:1.0% RSS:16MB MEM:0.4% SYS_CPU:0.2% SYS_MEM:10.6% LOG_IDLE:2s
[2026-10-01 01:34:30] PID:4153 STAT:S THREADS:1 CPU:1.7% RSS:16MB MEM:0.4% SYS_CPU:0.6% SYS_MEM:10.2% LOG_IDLE:2s
[2026-10-01 01:34:33] PID:4153 STAT:S THREADS:1 CPU:1.7% RSS:16MB MEM:0.4% SYS_CPU:0.2% SYS_MEM:10.2% LOG_IDLE:2s
[2026-10-01 01:34:36] PROCESS:down
agent-admin@leak-lab:~$ grep -E '^%Cpu|agent-leak' $AGENT_LOG_DIR/top-100.log
%Cpu(s):  0.0 us,  0.8 sy,  0.0 ni, 99.2 id,  0.0 wa,  0.0 hi,  0.0 si,  0.0 st
   4153 agent-a+  30  10   28112  17188   8784 S   0.0   0.4   0:00.02 agent-leak-app-
%Cpu(s):  0.0 us,  0.1 sy,  0.0 ni, 99.8 id,  0.0 wa,  0.0 hi,  0.0 si,  0.0 st
   4153 agent-a+  30  10   29136  17268   8784 S   0.3   0.4   0:00.03 agent-leak-app-
%Cpu(s):  0.0 us,  0.2 sy,  0.0 ni, 99.7 id,  0.0 wa,  0.0 hi,  0.0 si,  0.0 st
   4153 agent-a+  30  10   29136  17268   8784 S   0.3   0.4   0:00.04 agent-leak-app-
%Cpu(s):  0.0 us,  0.1 sy,  0.1 ni, 99.8 id,  0.0 wa,  0.0 hi,  0.0 si,  0.0 st
   4153 agent-a+  30  10   29136  17268   8784 S   1.0   0.4   0:00.07 agent-leak-app-
%Cpu(s):  0.0 us,  0.2 sy,  0.1 ni, 99.6 id,  0.0 wa,  0.0 hi,  0.0 si,  0.0 st
   4153 agent-a+  30  10   29136  17268   8784 S   0.7   0.4   0:00.09 agent-leak-app-
%Cpu(s):  0.0 us,  0.2 sy,  0.1 ni, 99.8 id,  0.0 wa,  0.0 hi,  0.0 si,  0.0 st
   4153 agent-a+  30  10   29136  17268   8784 S   1.0   0.4   0:00.12 agent-leak-app-
%Cpu(s):  0.1 us,  0.2 sy,  0.2 ni, 99.5 id,  0.0 wa,  0.0 hi,  0.0 si,  0.0 st
   4153 agent-a+  30  10   29136  17268   8784 S   1.0   0.4   0:00.15 agent-leak-app-
%Cpu(s):  0.0 us,  0.4 sy,  0.2 ni, 99.3 id,  0.0 wa,  0.0 hi,  0.0 si,  0.0 st
   4153 agent-a+  30  10   29136  17268   8784 S   1.7   0.4   0:00.20 agent-leak-app-
%Cpu(s):  0.1 us,  0.1 sy,  0.2 ni, 99.6 id,  0.0 wa,  0.0 hi,  0.0 si,  0.0 st
   4153 agent-a+  30  10   29136  17268   8784 S   1.7   0.4   0:00.25 agent-leak-app-
%Cpu(s):  0.1 us,  0.7 sy,  0.3 ni, 98.9 id,  0.0 wa,  0.0 hi,  0.0 si,  0.0 st
%Cpu(s):  0.0 us,  0.0 sy,  0.0 ni, 99.9 id,  0.0 wa,  0.0 hi,  0.0 si,  0.0 st
agent-admin@leak-lab:~$ grep -E 'Started|Threshold' $AGENT_LOG_DIR/agent_app.log | tail -2
2026-10-01 01:34:10,028 [INFO] [CpuWorker] Started. Maximum CPU Limit: 100%
2026-10-01 01:34:35,169 [CRITICAL] [CpuWorker] CPU Threshold Violated! (51.63%).
agent-admin@leak-lab:~$ mv $AGENT_LOG_DIR/monitor.log $AGENT_LOG_DIR/monitor-cpu100.log
agent-admin@leak-lab:~$ sed -i 's/^export CPU_MAX_OCCUPY=.*/export CPU_MAX_OCCUPY=30/' ~/.bash_profile
agent-admin@leak-lab:~$ source ~/.bash_profile
agent-admin@leak-lab:~$ grep CPU_MAX_OCCUPY ~/.bash_profile
export CPU_MAX_OCCUPY=30
agent-admin@leak-lab:~$ date +%T; nohup $AGENT_HOME/agent-leak-app-arm64 > $AGENT_LOG_DIR/console.log 2>&1 &
01:34:43
[5] 4360
agent-admin@leak-lab:~$ sleep 2
agent-admin@leak-lab:~$ for i in $(seq 30); do ~/agent-app/bin/monitor.sh; done
[2026-10-01 01:34:49] PID:4361 STAT:S THREADS:3 CPU:1.0% RSS:42MB MEM:1.1% SYS_CPU:0.1% SYS_MEM:11.0% LOG_IDLE:3s
[2026-10-01 01:34:52] PID:4361 STAT:S THREADS:3 CPU:0.7% RSS:67MB MEM:1.7% SYS_CPU:0.2% SYS_MEM:11.7% LOG_IDLE:2s
[4]-  Done                    ( sleep 2; top -b -d 3 -n 15 -p $(pgrep -n -x agent-leak-app-) > $AGENT_LOG_DIR/top-100.log )
[2026-10-01 01:34:55] PID:4361 STAT:S THREADS:3 CPU:1.3% RSS:92MB MEM:2.3% SYS_CPU:0.1% SYS_MEM:12.3% LOG_IDLE:2s
[2026-10-01 01:34:58] PID:4361 STAT:S THREADS:3 CPU:1.0% RSS:117MB MEM:2.9% SYS_CPU:0.2% SYS_MEM:13.0% LOG_IDLE:2s
[2026-10-01 01:35:02] PID:4361 STAT:S THREADS:3 CPU:1.0% RSS:142MB MEM:3.6% SYS_CPU:0.1% SYS_MEM:13.8% LOG_IDLE:1s
[2026-10-01 01:35:05] PID:4361 STAT:S THREADS:3 CPU:1.3% RSS:188MB MEM:4.7% SYS_CPU:0.2% SYS_MEM:14.9% LOG_IDLE:0s
[2026-10-01 01:35:08] PID:4361 STAT:S THREADS:3 CPU:1.7% RSS:217MB MEM:5.4% SYS_CPU:0.3% SYS_MEM:15.6% LOG_IDLE:0s
[2026-10-01 01:35:11] PID:4361 STAT:S THREADS:3 CPU:1.3% RSS:242MB MEM:6.1% SYS_CPU:0.3% SYS_MEM:16.2% LOG_IDLE:0s
[2026-10-01 01:35:14] PID:4361 STAT:S THREADS:3 CPU:1.7% RSS:267MB MEM:6.7% SYS_CPU:0.3% SYS_MEM:16.6% LOG_IDLE:0s
[2026-10-01 01:35:17] PID:4361 STAT:S THREADS:3 CPU:1.3% RSS:292MB MEM:7.3% SYS_CPU:0.3% SYS_MEM:17.3% LOG_IDLE:0s
[2026-10-01 01:35:20] PID:4361 STAT:S THREADS:3 CPU:5.3% RSS:317MB MEM:8.0% SYS_CPU:0.7% SYS_MEM:17.9% LOG_IDLE:0s
[2026-10-01 01:35:23] PID:4361 STAT:S THREADS:3 CPU:1.0% RSS:342MB MEM:8.6% SYS_CPU:0.2% SYS_MEM:18.5% LOG_IDLE:0s
[2026-10-01 01:35:26] PID:4361 STAT:S THREADS:3 CPU:1.0% RSS:367MB MEM:9.2% SYS_CPU:0.1% SYS_MEM:19.2% LOG_IDLE:0s
[2026-10-01 01:35:29] PID:4361 STAT:S THREADS:3 CPU:0.7% RSS:392MB MEM:9.8% SYS_CPU:0.1% SYS_MEM:19.8% LOG_IDLE:0s
[2026-10-01 01:35:32] PID:4361 STAT:S THREADS:3 CPU:0.7% RSS:417MB MEM:10.5% SYS_CPU:0.2% SYS_MEM:20.4% LOG_IDLE:0s
[2026-10-01 01:35:35] PID:4361 STAT:S THREADS:3 CPU:1.3% RSS:442MB MEM:11.1% SYS_CPU:0.1% SYS_MEM:21.1% LOG_IDLE:0s
[2026-10-01 01:35:38] PID:4361 STAT:S THREADS:3 CPU:1.3% RSS:467MB MEM:11.7% SYS_CPU:0.1% SYS_MEM:21.7% LOG_IDLE:0s
[2026-10-01 01:35:41] PID:4361 STAT:S THREADS:3 CPU:1.0% RSS:492MB MEM:12.3% SYS_CPU:0.2% SYS_MEM:22.4% LOG_IDLE:0s
[2026-10-01 01:35:44] PID:4361 STAT:S THREADS:3 CPU:2.0% RSS:517MB MEM:13.0% SYS_CPU:0.2% SYS_MEM:23.0% LOG_IDLE:0s
[2026-10-01 01:35:47] PID:4361 STAT:S THREADS:3 CPU:2.0% RSS:16MB MEM:0.4% SYS_CPU:0.3% SYS_MEM:10.5% LOG_IDLE:0s
[2026-10-01 01:35:50] PID:4361 STAT:S THREADS:3 CPU:1.0% RSS:16MB MEM:0.4% SYS_CPU:0.2% SYS_MEM:10.5% LOG_IDLE:1s
[2026-10-01 01:35:53] PID:4361 STAT:S THREADS:3 CPU:1.7% RSS:41MB MEM:1.1% SYS_CPU:0.2% SYS_MEM:11.2% LOG_IDLE:1s
[2026-10-01 01:35:56] PID:4361 STAT:S THREADS:3 CPU:2.0% RSS:66MB MEM:1.7% SYS_CPU:0.3% SYS_MEM:11.8% LOG_IDLE:1s
[2026-10-01 01:36:00] PID:4361 STAT:S THREADS:3 CPU:1.3% RSS:91MB MEM:2.3% SYS_CPU:0.4% SYS_MEM:11.9% LOG_IDLE:2s
[2026-10-01 01:36:03] PID:4361 STAT:S THREADS:3 CPU:1.7% RSS:116MB MEM:2.9% SYS_CPU:0.7% SYS_MEM:12.6% LOG_IDLE:1s
[2026-10-01 01:36:06] PID:4361 STAT:S THREADS:3 CPU:1.0% RSS:141MB MEM:3.6% SYS_CPU:0.2% SYS_MEM:13.3% LOG_IDLE:1s
[2026-10-01 01:36:09] PID:4361 STAT:S THREADS:3 CPU:1.0% RSS:166MB MEM:4.2% SYS_CPU:0.1% SYS_MEM:14.0% LOG_IDLE:1s
[2026-10-01 01:36:12] PID:4361 STAT:S THREADS:3 CPU:0.7% RSS:191MB MEM:4.8% SYS_CPU:0.5% SYS_MEM:14.7% LOG_IDLE:1s
[2026-10-01 01:36:15] PID:4361 STAT:S THREADS:3 CPU:0.7% RSS:216MB MEM:5.4% SYS_CPU:0.1% SYS_MEM:15.3% LOG_IDLE:1s
[2026-10-01 01:36:18] PID:4361 STAT:S THREADS:3 CPU:1.0% RSS:241MB MEM:6.1% SYS_CPU:0.1% SYS_MEM:16.0% LOG_IDLE:1s
agent-admin@leak-lab:~$ grep -E 'Started|Peak|Cooldown|Threshold' $AGENT_LOG_DIR/agent_app.log | tail -7
2026-10-01 01:34:46,338 [INFO] [Thread-C] Task Started. Calculating... (20%)
2026-10-01 01:34:46,609 [INFO] [Thread-A] Task Started. Calculating... (20%)
2026-10-01 01:34:46,894 [INFO] [CpuWorker] Started. Maximum CPU Limit: 30%
2026-10-01 01:35:01,526 [INFO] [CpuWorker] Peak reached (30.00%). Starting cooldown...
2026-10-01 01:35:26,573 [INFO] [CpuWorker] Cooldown complete (5.00%). Resuming load increase...
2026-10-01 01:35:48,473 [INFO] [CpuWorker] Peak reached (30.00%). Starting cooldown...
2026-10-01 01:36:13,522 [INFO] [CpuWorker] Cooldown complete (5.00%). Resuming load increase...
agent-admin@leak-lab:~$ ps -o pid,etime,ni,stat,cmd -p $(pgrep -n -x agent-leak-app-)
    PID     ELAPSED  NI STAT CMD
   4361       01:35  10 SNl  /home/agent-admin/agent-app/agent-leak-app-arm64
agent-admin@leak-lab:~$ date +%T; pkill -x agent-leak-app-
01:36:19
agent-admin@leak-lab:~$ sleep 2
[5]+  Terminated              nohup $AGENT_HOME/agent-leak-app-arm64 > $AGENT_LOG_DIR/console.log 2>&1
agent-admin@leak-lab:~$ mv $AGENT_LOG_DIR/monitor.log $AGENT_LOG_DIR/monitor-cpu30.log
agent-admin@leak-lab:~$ ls $AGENT_LOG_DIR
agent_app.log  console.log  monitor-128.log  monitor-256.log  monitor-512.log  monitor-cpu100.log  monitor-cpu30.log  monitor-cpu80.log  top-100.log  top-80.log
agent-admin@leak-lab:~$ exit
logout
jeongbin@leak-lab:/Users/jeongbin/Desktop/b4-2$ exit
logout
jungbin-MacBookPro% exit
