jungbin-MacBookPro% orb -m leak-lab
jeongbin@leak-lab:/Users/jeongbin/Desktop/b4-2$ sudo -iu agent-admin
agent-admin@leak-lab:~$ mv $AGENT_LOG_DIR/agent_app.log $AGENT_LOG_DIR/agent_app-oom-cpu.log
agent-admin@leak-lab:~$ sed -i 's/^export MULTI_THREAD_ENABLE=.*/export MULTI_THREAD_ENABLE=true/' ~/.bash_profile
agent-admin@leak-lab:~$ source ~/.bash_profile
agent-admin@leak-lab:~$ echo "MEMORY_LIMIT=$MEMORY_LIMIT CPU_MAX_OCCUPY=$CPU_MAX_OCCUPY MULTI_THREAD_ENABLE=$MULTI_THREAD_ENABLE"
MEMORY_LIMIT=512 CPU_MAX_OCCUPY=30 MULTI_THREAD_ENABLE=true
agent-admin@leak-lab:~$ date +%T; nohup $AGENT_HOME/agent-leak-app-arm64 > $AGENT_LOG_DIR/console.log 2>&1 &
01:39:50
[1] 5092
agent-admin@leak-lab:~$ sleep 10
agent-admin@leak-lab:~$ ps -ef | grep agent-leak | grep -v grep
agent-a+    5092    5086  0 01:39 pts/3    00:00:00 /home/agent-admin/agent-app/agent-leak-app-arm64
agent-a+    5093    5092  0 01:39 pts/3    00:00:00 /home/agent-admin/agent-app/agent-leak-app-arm64
agent-admin@leak-lab:~$ PID=$(pgrep -n -x agent-leak-app-); echo $PID
5093
agent-admin@leak-lab:~$ cat $AGENT_LOG_DIR/agent_app.log
2026-10-01 01:39:50,385 [INFO] [SafetyGuard] Process priority lowered (nice=10).
2026-10-01 01:39:50,386 [INFO] Agent listening at port 15034
2026-10-01 01:39:52,407 [WARNING] [AgentWorker] Initializing concurrent transaction processors...
2026-10-01 01:39:52,407 [WARNING] [System] CAUTION: Strict resource locking is enabled.
2026-10-01 01:39:57,441 [INFO] [Worker-Thread-1] Process Started. Attempting to lock [Shared_Memory_A]...
2026-10-01 01:39:57,442 [INFO] [AgentWorker][Worker-Thread-2] Process Started. Attempting to lock [Socket_Pool_B]...
2026-10-01 01:39:57,442 [INFO] [AgentWorker] Waiting for worker threads to complete transactions...
2026-10-01 01:39:57,442 [INFO] [AgentWorker][Worker-Thread-1] LOCK ACQUIRED: [Shared_Memory_A]. (Holding...)
2026-10-01 01:39:57,443 [INFO] [AgentWorker][Worker-Thread-2] LOCK ACQUIRED: [Socket_Pool_B]. (Holding...)
2026-10-01 01:39:57,443 [INFO] [AgentWorker][Worker-Thread-1] Processing critical data in Memory A...
2026-10-01 01:39:57,444 [INFO] [AgentWorker][Worker-Thread-2] Establishing network connections in Pool B...
2026-10-01 01:39:59,459 [INFO] [AgentWorker][Worker-Thread-2] Need resource [Shared_Memory_A] to write logs.
2026-10-01 01:39:59,459 [INFO] [AgentWorker][Worker-Thread-1] Need resource [Socket_Pool_B] to finish job.
2026-10-01 01:39:59,459 [INFO] [AgentWorker][Worker-Thread-1] WAITING for [Socket_Pool_B]... (Status: BLOCKED)
2026-10-01 01:39:59,459 [INFO] [AgentWorker][Worker-Thread-2] WAITING for [Shared_Memory_A]... (Status: BLOCKED)
agent-admin@leak-lab:~$ ps -L -o pid,lwp,stat,pcpu,wchan:20,comm -p $PID
    PID     LWP STAT %CPU WCHAN                COMMAND
   5093    5093 SNl   0.6 futex_wait           agent-leak-app-
   5093    5095 SNl   0.0 futex_wait           agent-leak-app-
   5093    5096 SNl   0.0 futex_wait           agent-leak-app-
agent-admin@leak-lab:~$ top -H -b -n 1 -p $PID | tail -4
    PID USER      PR  NI    VIRT    RES    SHR S  %CPU  %MEM     TIME+ COMMAND
   5093 agent-a+  30  10  175704  17268   8772 S   0.0   0.4   0:00.08 agent-leak-app-
   5095 agent-a+  30  10  175704  17268   8772 S   0.0   0.4   0:00.00 agent-leak-app-
   5096 agent-a+  30  10  175704  17268   8772 S   0.0   0.4   0:00.00 agent-leak-app-
agent-admin@leak-lab:~$ grep -E 'voluntary' /proc/$PID/task/*/status
/proc/5093/task/5093/status:voluntary_ctxt_switches:    9
/proc/5093/task/5093/status:nonvoluntary_ctxt_switches: 0
/proc/5093/task/5095/status:voluntary_ctxt_switches:    12
/proc/5093/task/5095/status:nonvoluntary_ctxt_switches: 0
/proc/5093/task/5096/status:voluntary_ctxt_switches:    15
/proc/5093/task/5096/status:nonvoluntary_ctxt_switches: 0
agent-admin@leak-lab:~$ for i in 1 2 3; do ~/agent-app/bin/monitor.sh; done
[2026-10-01 01:40:07] PID:5093 STAT:S THREADS:3 CPU:0.0% RSS:16MB MEM:0.4% SYS_CPU:0.0% SYS_MEM:10.7% LOG_IDLE:8s
[2026-10-01 01:40:10] PID:5093 STAT:S THREADS:3 CPU:0.0% RSS:16MB MEM:0.4% SYS_CPU:0.0% SYS_MEM:10.7% LOG_IDLE:11s
[2026-10-01 01:40:13] PID:5093 STAT:S THREADS:3 CPU:0.0% RSS:16MB MEM:0.4% SYS_CPU:0.0% SYS_MEM:10.8% LOG_IDLE:14s
agent-admin@leak-lab:~$ stat -c '%y %s bytes' $AGENT_LOG_DIR/agent_app.log; sleep 30; stat -c '%y %s bytes' $AGENT_LOG_DIR/agent_app.log
2026-10-01 01:39:59.460124816 +0900 1517 bytes
2026-10-01 01:39:59.460124816 +0900 1517 bytes
agent-admin@leak-lab:~$ date +%T; tail -1 $AGENT_LOG_DIR/agent_app.log
01:40:44
2026-10-01 01:39:59,459 [INFO] [AgentWorker][Worker-Thread-2] WAITING for [Shared_Memory_A]... (Status: BLOCKED)
agent-admin@leak-lab:~$ top -H -b -n 1 -p $PID | tail -4
    PID USER      PR  NI    VIRT    RES    SHR S  %CPU  %MEM     TIME+ COMMAND
   5093 agent-a+  30  10  175704  17268   8772 S   0.0   0.4   0:00.08 agent-leak-app-
   5095 agent-a+  30  10  175704  17268   8772 S   0.0   0.4   0:00.00 agent-leak-app-
   5096 agent-a+  30  10  175704  17268   8772 S   0.0   0.4   0:00.00 agent-leak-app-
agent-admin@leak-lab:~$ grep -E 'voluntary' /proc/$PID/task/*/status
/proc/5093/task/5093/status:voluntary_ctxt_switches:    9
/proc/5093/task/5093/status:nonvoluntary_ctxt_switches: 0
/proc/5093/task/5095/status:voluntary_ctxt_switches:    12
/proc/5093/task/5095/status:nonvoluntary_ctxt_switches: 0
/proc/5093/task/5096/status:voluntary_ctxt_switches:    15
/proc/5093/task/5096/status:nonvoluntary_ctxt_switches: 0
agent-admin@leak-lab:~$ for i in 1 2 3; do ~/agent-app/bin/monitor.sh; done
[2026-10-01 01:40:49] PID:5093 STAT:S THREADS:3 CPU:0.0% RSS:16MB MEM:0.4% SYS_CPU:0.0% SYS_MEM:10.9% LOG_IDLE:50s
[2026-10-01 01:40:52] PID:5093 STAT:S THREADS:3 CPU:0.0% RSS:16MB MEM:0.4% SYS_CPU:0.2% SYS_MEM:10.9% LOG_IDLE:53s
[2026-10-01 01:40:55] PID:5093 STAT:S THREADS:3 CPU:0.0% RSS:16MB MEM:0.4% SYS_CPU:0.0% SYS_MEM:10.9% LOG_IDLE:56s
agent-admin@leak-lab:~$ ss -tlnp | grep 15034
LISTEN 0      1            0.0.0.0:15034      0.0.0.0:*    users:(("agent-leak-app-",pid=5093,fd=4))
agent-admin@leak-lab:~$ date +%T; pkill -x agent-leak-app-
01:40:56
agent-admin@leak-lab:~$ sleep 2
[1]+  Terminated              nohup $AGENT_HOME/agent-leak-app-arm64 > $AGENT_LOG_DIR/console.log 2>&1
agent-admin@leak-lab:~$ ps -ef | grep agent-leak | grep -v grep || echo 'no process'
no process
agent-admin@leak-lab:~$ mv $AGENT_LOG_DIR/agent_app.log $AGENT_LOG_DIR/agent_app-deadlock.log
agent-admin@leak-lab:~$ mv $AGENT_LOG_DIR/monitor.log $AGENT_LOG_DIR/monitor-mt-true.log
agent-admin@leak-lab:~$ sed -i 's/^export MULTI_THREAD_ENABLE=.*/export MULTI_THREAD_ENABLE=false/' ~/.bash_profile
agent-admin@leak-lab:~$ source ~/.bash_profile
agent-admin@leak-lab:~$ grep MULTI_THREAD_ENABLE ~/.bash_profile
export MULTI_THREAD_ENABLE=false
agent-admin@leak-lab:~$ date +%T; nohup $AGENT_HOME/agent-leak-app-arm64 > $AGENT_LOG_DIR/console.log 2>&1 &
01:41:02
[1] 5265
agent-admin@leak-lab:~$ sleep 10
agent-admin@leak-lab:~$ PID=$(pgrep -n -x agent-leak-app-); echo $PID
5266
agent-admin@leak-lab:~$ grep -cE 'WAITING|BLOCKED' $AGENT_LOG_DIR/agent_app.log
0
agent-admin@leak-lab:~$ grep -E 'Scenario|Scheduler\] All' $AGENT_LOG_DIR/agent_app.log
2026-10-01 01:41:05,129 [INFO] >>> Scenario Selected: [Healthy System Monitoring]
2026-10-01 01:41:05,946 [INFO] [Scheduler] All tasks completed.
agent-admin@leak-lab:~$ ps -L -o pid,lwp,stat,pcpu,wchan:20,comm -p $PID
    PID     LWP STAT %CPU WCHAN                COMMAND
   5266    5266 SNl   0.5 futex_wait           agent-leak-app-
   5266    5268 SNl   0.6 do_select            agent-leak-app-
   5266    5269 SNl   0.4 do_select            agent-leak-app-
agent-admin@leak-lab:~$ for i in 1 2 3; do ~/agent-app/bin/monitor.sh; done
[2026-10-01 01:41:19] PID:5266 STAT:S THREADS:3 CPU:1.0% RSS:141MB MEM:3.6% SYS_CPU:0.2% SYS_MEM:13.2% LOG_IDLE:1s
[2026-10-01 01:41:22] PID:5266 STAT:S THREADS:3 CPU:1.3% RSS:166MB MEM:4.2% SYS_CPU:0.2% SYS_MEM:13.9% LOG_IDLE:1s
[2026-10-01 01:41:25] PID:5266 STAT:S THREADS:3 CPU:1.7% RSS:191MB MEM:4.8% SYS_CPU:0.7% SYS_MEM:14.4% LOG_IDLE:1s
agent-admin@leak-lab:~$ tail -2 $AGENT_LOG_DIR/agent_app.log
2026-10-01 01:41:24,166 [INFO] [MemoryWorker] Current Heap: 175MB
2026-10-01 01:41:24,719 [INFO] [CpuWorker] Current Load: 23.81%
agent-admin@leak-lab:~$ date +%T; pkill -x agent-leak-app-
01:41:26
agent-admin@leak-lab:~$ sleep 2
[1]+  Terminated              nohup $AGENT_HOME/agent-leak-app-arm64 > $AGENT_LOG_DIR/console.log 2>&1
agent-admin@leak-lab:~$ mv $AGENT_LOG_DIR/monitor.log $AGENT_LOG_DIR/monitor-mt-false.log
agent-admin@leak-lab:~$ ls $AGENT_LOG_DIR
agent_app-deadlock.log  agent_app.log  monitor-128.log  monitor-512.log     monitor-cpu30.log  monitor-mt-false.log  top-100.log
agent_app-oom-cpu.log   console.log    monitor-256.log  monitor-cpu100.log  monitor-cpu80.log  monitor-mt-true.log   top-80.log
agent-admin@leak-lab:~$ exit
logout
jeongbin@leak-lab:/Users/jeongbin/Desktop/b4-2$ exit
logout
jungbin-MacBookPro% exit
