jungbin-MacBookPro% orb create ubuntu:22.04 leak-lab
jungbin-MacBookPro% orb list
NAME       STATE    DISTRO  VERSION  ARCH   SIZE      IP
----       -----    ------  -------  ----   ----      --
agent-lab  running  ubuntu  jammy    arm64  903.0 MB  192.168.139.109
leak-lab   running  ubuntu  jammy    arm64  717.6 MB  192.168.139.235
jungbin-MacBookPro% orb -m leak-lab
To run a command as administrator (user "root"), use "sudo <command>".
See "man sudo_root" for details.

jeongbin@leak-lab:/Users/jeongbin/Desktop/b4-2$ head -2 /etc/os-release
PRETTY_NAME="Ubuntu 22.04.5 LTS"
NAME="Ubuntu"
jeongbin@leak-lab:/Users/jeongbin/Desktop/b4-2$ uname -m
aarch64
jeongbin@leak-lab:/Users/jeongbin/Desktop/b4-2$ whoami
jeongbin
jeongbin@leak-lab:/Users/jeongbin/Desktop/b4-2$ sudo apt-get update
Hit:1 http://ports.ubuntu.com/ubuntu-ports jammy InRelease
Hit:2 http://ports.ubuntu.com/ubuntu-ports jammy-updates InRelease
Hit:3 http://ports.ubuntu.com/ubuntu-ports jammy-security InRelease
Reading package lists... Done
jeongbin@leak-lab:/Users/jeongbin/Desktop/b4-2$ sudo apt-get install -y unzip htop bsdextrautils
Reading package lists... Done
Building dependency tree... Done
Reading state information... Done
The following additional packages will be installed:
  libnl-3-200 libnl-genl-3-200
Suggested packages:
  lm-sensors lsof strace zip
The following NEW packages will be installed:
  bsdextrautils htop libnl-3-200 libnl-genl-3-200 unzip
0 upgraded, 5 newly installed, 0 to remove and 0 not upgraded.
Need to get 438 kB of archives.
After this operation, 1245 kB of additional disk space will be used.
Get:1 http://ports.ubuntu.com/ubuntu-ports jammy-updates/main arm64 bsdextrautils arm64 2.37.2-4ubuntu3.6 [70.4 kB]
Get:2 http://ports.ubuntu.com/ubuntu-ports jammy/main arm64 libnl-3-200 arm64 3.5.0-0.1 [58.1 kB]
Get:3 http://ports.ubuntu.com/ubuntu-ports jammy/main arm64 libnl-genl-3-200 arm64 3.5.0-0.1 [12.1 kB]
Get:4 http://ports.ubuntu.com/ubuntu-ports jammy/main arm64 htop arm64 3.0.5-7build2 [127 kB]
Get:5 http://ports.ubuntu.com/ubuntu-ports jammy-updates/main arm64 unzip arm64 6.0-26ubuntu3.2 [171 kB]
Fetched 438 kB in 2s (199 kB/s)
Selecting previously unselected package bsdextrautils.
(Reading database ... 16457 files and directories currently installed.)
Preparing to unpack .../bsdextrautils_2.37.2-4ubuntu3.6_arm64.deb ...
Unpacking bsdextrautils (2.37.2-4ubuntu3.6) ...
Selecting previously unselected package libnl-3-200:arm64.
Preparing to unpack .../libnl-3-200_3.5.0-0.1_arm64.deb ...
Unpacking libnl-3-200:arm64 (3.5.0-0.1) ...
Selecting previously unselected package libnl-genl-3-200:arm64.
Preparing to unpack .../libnl-genl-3-200_3.5.0-0.1_arm64.deb ...
Unpacking libnl-genl-3-200:arm64 (3.5.0-0.1) ...
Selecting previously unselected package htop.
Preparing to unpack .../htop_3.0.5-7build2_arm64.deb ...
Unpacking htop (3.0.5-7build2) ...
Selecting previously unselected package unzip.
Preparing to unpack .../unzip_6.0-26ubuntu3.2_arm64.deb ...
Unpacking unzip (6.0-26ubuntu3.2) ...
Setting up bsdextrautils (2.37.2-4ubuntu3.6) ...
update-alternatives: using /usr/bin/write.ul to provide /usr/bin/write (write) in auto mode
Setting up unzip (6.0-26ubuntu3.2) ...
Setting up libnl-3-200:arm64 (3.5.0-0.1) ...
Setting up libnl-genl-3-200:arm64 (3.5.0-0.1) ...
Setting up htop (3.0.5-7build2) ...
Processing triggers for libc-bin (2.35-0ubuntu3.15) ...
jeongbin@leak-lab:/Users/jeongbin/Desktop/b4-2$ unzip -o /Users/jeongbin/Downloads/agent-app-leak.zip agent-leak-app-arm64 -d /tmp
Archive:  /Users/jeongbin/Downloads/agent-app-leak.zip
  inflating: /tmp/agent-leak-app-arm64
jeongbin@leak-lab:/Users/jeongbin/Desktop/b4-2$ ls -l /tmp/agent-leak-app-arm64
-rwxr-xr-x 1 jeongbin jeongbin 6261928 May 26 11:04 /tmp/agent-leak-app-arm64
jeongbin@leak-lab:/Users/jeongbin/Desktop/b4-2$ exit
logout
jungbin-MacBookPro% exit
